You will be given a number of t = 100 grids for the different regions you need to pass. For every map you will have the below values:
	1. The dimensions i x j of the map grid where 2 <= i, j <= 100
	2. The numbers n_i,j symbolizing the distances between the blocks where 1 <= n_i,j <= 50
You will start at the top left element, and your goal is to reach the bottom right, while only being allowed to move down or right, minimizing the sum of the numbers you pass. Provide the minimum sum.

Example Question:
	4 3
	2 5 1 9 2 3 9 1 3 11 7 4

This generates the following grid:
	 2 5 1
	 9 2 3
	 9 1 3
	11 7 4

Example Response:
	17
(Optimal route is 2 -> 5 -> 2 -> 1 -> 3 -> 4)

Test 1/100

=== Processing Test 1/100 ===
Dimensions: 4 3
Values: 2 5 1 9 2 3 9 1 3 11 7 4
Answer: 17
5 5
7 8 8 4 2 4 3 4 3 4 8 3 4 1 1 9 9 7 4 9 1 3 6 9 3
> 
=== Processing Test 2/100 ===
Dimensions: 5 5
Values: 7 8 8 4 2 4 3 4 3 4 8 3 4 1 1 9 9 7 4 9 1 3 6 9 3
Answer: 35
You made the wrong choice, the behemoth caught you...

=== Processing Test 3/100 ===
Dimensions: None
Traceback (most recent call last):
  File "/mnt/o/HTB/CTF/CTF Try Out/coding/solve_dynamic_paths.py", line 129, in <module>
    main()
  File "/mnt/o/HTB/CTF/CTF Try Out/coding/solve_dynamic_paths.py", line 85, in main
    rows, cols = map(int, dims_line.split())
                          ^^^^^^^^^^^^^^^
AttributeError: 'NoneType' object has no attribute 'split'
